[      48ms] [WARNING] [Notificações] Canal fechado, reconectando... @ http://localhost:3000/_next/static/chunks/node_modules_next_dist_f3530cac._.js:2297
[      49ms] [WARNING] [Chat] Canal fechado, reconectando... @ http://localhost:3000/_next/static/chunks/node_modules_next_dist_f3530cac._.js:2297
[      69ms] [WARNING] [Notificações] Canal fechado, reconectando... @ http://localhost:3000/_next/static/chunks/node_modules_next_dist_f3530cac._.js:2297
[      70ms] [WARNING] [Chat] Canal fechado, reconectando... @ http://localhost:3000/_next/static/chunks/node_modules_next_dist_f3530cac._.js:2297
[      71ms] [WARNING] [Notificações] Canal fechado, reconectando... @ http://localhost:3000/_next/static/chunks/node_modules_next_dist_f3530cac._.js:2297
[      72ms] [WARNING] [Chat] Canal fechado, reconectando... @ http://localhost:3000/_next/static/chunks/node_modules_next_dist_f3530cac._.js:2297
[      72ms] [WARNING] [Notificações] Canal fechado, reconectando... @ http://localhost:3000/_next/static/chunks/node_modules_next_dist_f3530cac._.js:2297
[      73ms] [WARNING] [Chat] Canal fechado, reconectando... @ http://localhost:3000/_next/static/chunks/node_modules_next_dist_f3530cac._.js:2297
[      74ms] [WARNING] [Notificações] Canal fechado, reconectando... @ http://localhost:3000/_next/static/chunks/node_modules_next_dist_f3530cac._.js:2297
[     101ms] [WARNING] [Chat] Canal fechado, reconectando... @ http://localhost:3000/_next/static/chunks/node_modules_next_dist_f3530cac._.js:2297
[     102ms] [WARNING] [Notificações] Canal fechado, reconectando... @ http://localhost:3000/_next/static/chunks/node_modules_next_dist_f3530cac._.js:2297
[     102ms] [WARNING] [Chat] Canal fechado, reconectando... @ http://localhost:3000/_next/static/chunks/node_modules_next_dist_f3530cac._.js:2297
[     103ms] [WARNING] [Notificações] Canal fechado, reconectando... @ http://localhost:3000/_next/static/chunks/node_modules_next_dist_f3530cac._.js:2297
[     104ms] [WARNING] [Chat] Canal fechado, reconectando... @ http://localhost:3000/_next/static/chunks/node_modules_next_dist_f3530cac._.js:2297
[     115ms] [WARNING] [Notificações] Canal fechado, reconectando... @ http://localhost:3000/_next/static/chunks/node_modules_next_dist_f3530cac._.js:2297
[     115ms] [WARNING] [Chat] Canal fechado, reconectando... @ http://localhost:3000/_next/static/chunks/node_modules_next_dist_f3530cac._.js:2297
[     116ms] [WARNING] [Notificações] Canal fechado, reconectando... @ http://localhost:3000/_next/static/chunks/node_modules_next_dist_f3530cac._.js:2297
[     117ms] [WARNING] [Chat] Canal fechado, reconectando... @ http://localhost:3000/_next/static/chunks/node_modules_next_dist_f3530cac._.js:2297
[     118ms] [WARNING] [Notificações] Canal fechado, reconectando... @ http://localhost:3000/_next/static/chunks/node_modules_next_dist_f3530cac._.js:2297
[     119ms] [WARNING] [Chat] Canal fechado, reconectando... @ http://localhost:3000/_next/static/chunks/node_modules_next_dist_f3530cac._.js:2297
[     120ms] [WARNING] [Notificações] Canal fechado, reconectando... @ http://localhost:3000/_next/static/chunks/node_modules_next_dist_f3530cac._.js:2297
[     120ms] [WARNING] [Chat] Canal fechado, reconectando... @ http://localhost:3000/_next/static/chunks/node_modules_next_dist_f3530cac._.js:2297
[     121ms] [WARNING] [Notificações] Canal fechado, reconectando... @ http://localhost:3000/_next/static/chunks/node_modules_next_dist_f3530cac._.js:2297
[     122ms] [WARNING] [Chat] Canal fechado, reconectando... @ http://localhost:3000/_next/static/chunks/node_modules_next_dist_f3530cac._.js:2297
[     122ms] [WARNING] [Notificações] Canal fechado, reconectando... @ http://localhost:3000/_next/static/chunks/node_modules_next_dist_f3530cac._.js:2297
[     123ms] [WARNING] [Chat] Canal fechado, reconectando... @ http://localhost:3000/_next/static/chunks/node_modules_next_dist_f3530cac._.js:2297
[     130ms] [LOG] [Fast Refresh] rebuilding @ http://localhost:3000/_next/static/chunks/node_modules_next_dist_f3530cac._.js:2297
[     182ms] [WARNING] [Notificações] Canal fechado, reconectando... @ http://localhost:3000/_next/static/chunks/node_modules_next_dist_f3530cac._.js:2297
[     182ms] [WARNING] [Chat] Canal fechado, reconectando... @ http://localhost:3000/_next/static/chunks/node_modules_next_dist_f3530cac._.js:2297
[     183ms] [WARNING] [Notificações] Canal fechado, reconectando... @ http://localhost:3000/_next/static/chunks/node_modules_next_dist_f3530cac._.js:2297
[     184ms] [WARNING] [Chat] Canal fechado, reconectando... @ http://localhost:3000/_next/static/chunks/node_modules_next_dist_f3530cac._.js:2297
[     184ms] [WARNING] [Notificações] Canal fechado, reconectando... @ http://localhost:3000/_next/static/chunks/node_modules_next_dist_f3530cac._.js:2297
[     196ms] [WARNING] [Chat] Canal fechado, reconectando... @ http://localhost:3000/_next/static/chunks/node_modules_next_dist_f3530cac._.js:2297
[     211ms] [WARNING] [Notificações] Canal fechado, reconectando... @ http://localhost:3000/_next/static/chunks/node_modules_next_dist_f3530cac._.js:2297
[     212ms] [WARNING] [Chat] Canal fechado, reconectando... @ http://localhost:3000/_next/static/chunks/node_modules_next_dist_f3530cac._.js:2297
[     212ms] [WARNING] [Notificações] Canal fechado, reconectando... @ http://localhost:3000/_next/static/chunks/node_modules_next_dist_f3530cac._.js:2297
[     213ms] [WARNING] [Chat] Canal fechado, reconectando... @ http://localhost:3000/_next/static/chunks/node_modules_next_dist_f3530cac._.js:2297
[     214ms] [WARNING] [Notificações] Canal fechado, reconectando... @ http://localhost:3000/_next/static/chunks/node_modules_next_dist_f3530cac._.js:2297
[     215ms] [WARNING] [Chat] Canal fechado, reconectando... @ http://localhost:3000/_next/static/chunks/node_modules_next_dist_f3530cac._.js:2297
[     216ms] [WARNING] [Notificações] Canal fechado, reconectando... @ http://localhost:3000/_next/static/chunks/node_modules_next_dist_f3530cac._.js:2297
[     220ms] [WARNING] [Chat] Canal fechado, reconectando... @ http://localhost:3000/_next/static/chunks/node_modules_next_dist_f3530cac._.js:2297
[     221ms] [WARNING] [Notificações] Canal fechado, reconectando... @ http://localhost:3000/_next/static/chunks/node_modules_next_dist_f3530cac._.js:2297
[     222ms] [WARNING] [Chat] Canal fechado, reconectando... @ http://localhost:3000/_next/static/chunks/node_modules_next_dist_f3530cac._.js:2297
[     223ms] [WARNING] [Notificações] Canal fechado, reconectando... @ http://localhost:3000/_next/static/chunks/node_modules_next_dist_f3530cac._.js:2297
[     224ms] [WARNING] [Chat] Canal fechado, reconectando... @ http://localhost:3000/_next/static/chunks/node_modules_next_dist_f3530cac._.js:2297
[     225ms] [WARNING] [Notificações] Canal fechado, reconectando... @ http://localhost:3000/_next/static/chunks/node_modules_next_dist_f3530cac._.js:2297
[     226ms] [WARNING] [Chat] Canal fechado, reconectando... @ http://localhost:3000/_next/static/chunks/node_modules_next_dist_f3530cac._.js:2297
[     227ms] [WARNING] [Notificações] Canal fechado, reconectando... @ http://localhost:3000/_next/static/chunks/node_modules_next_dist_f3530cac._.js:2297
[     227ms] [WARNING] [Chat] Canal fechado, reconectando... @ http://localhost:3000/_next/static/chunks/node_modules_next_dist_f3530cac._.js:2297
[     228ms] [WARNING] [Notificações] Canal fechado, reconectando... @ http://localhost:3000/_next/static/chunks/node_modules_next_dist_f3530cac._.js:2297
[     229ms] [WARNING] [Chat] Canal fechado, reconectando... @ http://localhost:3000/_next/static/chunks/node_modules_next_dist_f3530cac._.js:2297
[     230ms] [WARNING] [Notificações] Canal fechado, reconectando... @ http://localhost:3000/_next/static/chunks/node_modules_next_dist_f3530cac._.js:2297
[     231ms] [WARNING] [Chat] Canal fechado, reconectando... @ http://localhost:3000/_next/static/chunks/node_modules_next_dist_f3530cac._.js:2297
[     232ms] [WARNING] [Notificações] Canal fechado, reconectando... @ http://localhost:3000/_next/static/chunks/node_modules_next_dist_f3530cac._.js:2297
[     233ms] [WARNING] [Chat] Canal fechado, reconectando... @ http://localhost:3000/_next/static/chunks/node_modules_next_dist_f3530cac._.js:2297
[     234ms] [WARNING] [Notificações] Canal fechado, reconectando... @ http://localhost:3000/_next/static/chunks/node_modules_next_dist_f3530cac._.js:2297
[     235ms] [WARNING] [Chat] Canal fechado, reconectando... @ http://localhost:3000/_next/static/chunks/node_modules_next_dist_f3530cac._.js:2297
[     236ms] [WARNING] [Notificações] Canal fechado, reconectando... @ http://localhost:3000/_next/static/chunks/node_modules_next_dist_f3530cac._.js:2297
[     265ms] [LOG] [Fast Refresh] done in 236ms @ http://localhost:3000/_next/static/chunks/node_modules_next_dist_f3530cac._.js:2297
[     966ms] [INFO] %cDownload the React DevTools for a better development experience: https://react.dev/link/react-devtools font-weight:bold @ http://localhost:3000/_next/static/chunks/node_modules_next_dist_f3530cac._.js:2297
[    1108ms] [LOG] [HMR] connected @ http://localhost:3000/_next/static/chunks/node_modules_next_dist_f3530cac._.js:2297
[    2860ms] [LOG] [Chat] Realtime conectado @ http://localhost:3000/_next/static/chunks/node_modules_next_dist_f3530cac._.js:2297
[    2861ms] [LOG] [Notificações] Realtime conectado @ http://localhost:3000/_next/static/chunks/node_modules_next_dist_f3530cac._.js:2297
[    4367ms] [LOG] [Fast Refresh] rebuilding @ http://localhost:3000/_next/static/chunks/node_modules_next_dist_f3530cac._.js:2297
[    7385ms] [LOG] [Fast Refresh] done in 3125ms @ http://localhost:3000/_next/static/chunks/node_modules_next_dist_f3530cac._.js:2297
[    8321ms] [ERROR] Failed to load resource: the server responded with a status of 500 (Internal Server Error) @ http://localhost:3000/api/financeiro/caixa-email?badge=1:0
[    8428ms] [ERROR] Failed to load resource: the server responded with a status of 500 (Internal Server Error) @ http://localhost:3000/api/financeiro/caixa-email:0
[    9286ms] [ERROR] Failed to load resource: the server responded with a status of 500 (Internal Server Error) @ http://localhost:3000/api/financeiro/caixa-email?badge=1:0
[   54119ms] [INFO] %cDownload the React DevTools for a better development experience: https://react.dev/link/react-devtools font-weight:bold @ http://localhost:3000/_next/static/chunks/node_modules_next_dist_f3530cac._.js:2297
[   54157ms] [LOG] [HMR] connected @ http://localhost:3000/_next/static/chunks/node_modules_next_dist_f3530cac._.js:2297
[   54294ms] [LOG] [Fast Refresh] rebuilding @ http://localhost:3000/_next/static/chunks/node_modules_next_dist_f3530cac._.js:2297
[   54469ms] [LOG] [Fast Refresh] done in 279ms @ http://localhost:3000/_next/static/chunks/node_modules_next_dist_f3530cac._.js:2297
[   56251ms] [LOG] [Chat] Realtime conectado @ http://localhost:3000/_next/static/chunks/node_modules_next_dist_f3530cac._.js:2297
[   56252ms] [LOG] [Notificações] Realtime conectado @ http://localhost:3000/_next/static/chunks/node_modules_next_dist_f3530cac._.js:2297
[   72762ms] [ERROR] Failed to load resource: the server responded with a status of 500 (Internal Server Error) @ http://localhost:3000/api/financeiro/caixa-email:0
[   72764ms] [ERROR] Failed to load resource: the server responded with a status of 500 (Internal Server Error) @ http://localhost:3000/api/financeiro/caixa-email?badge=1:0
[   77669ms] [ERROR] Failed to load resource: the server responded with a status of 500 (Internal Server Error) @ http://localhost:3000/api/financeiro/caixa-email?badge=1:0
[  111250ms] [LOG] [Fast Refresh] rebuilding @ http://localhost:3000/_next/static/chunks/node_modules_next_dist_f3530cac._.js:2297
[  111831ms] [LOG] [Fast Refresh] done in 686ms @ http://localhost:3000/_next/static/chunks/node_modules_next_dist_f3530cac._.js:2297
[  145793ms] [LOG] [Fast Refresh] rebuilding @ http://localhost:3000/_next/static/chunks/node_modules_next_dist_f3530cac._.js:2297
[  152684ms] [LOG] [Fast Refresh] done in 6993ms @ http://localhost:3000/_next/static/chunks/node_modules_next_dist_f3530cac._.js:2297
[  172683ms] [LOG] [Fast Refresh] rebuilding @ http://localhost:3000/_next/static/chunks/node_modules_next_dist_f3530cac._.js:2297
[  176129ms] [ERROR] WebSocket connection to 'ws://localhost:3000/_next/webpack-hmr?id=lqqTvzph1R3BQDYPzffvD' failed: Error in connection establishment: net::ERR_CONNECTION_REFUSED @ http://localhost:3000/_next/static/chunks/node_modules_next_dist_client_17643121._.js:10878
[  178024ms] [ERROR] Failed to load resource: net::ERR_CONNECTION_REFUSED @ http://localhost:3000/api/lembretes?userId=8d43db92-0943-4c88-9a0b-b7f52a11ff55&tipo=vencidos:0
[  179472ms] [ERROR] WebSocket connection to 'ws://localhost:3000/_next/webpack-hmr?id=lqqTvzph1R3BQDYPzffvD' failed: Error in connection establishment: net::ERR_CONNECTION_REFUSED @ http://localhost:3000/_next/static/chunks/node_modules_next_dist_client_17643121._.js:10878
[  189940ms] [LOG] [HMR] connected @ http://localhost:3000/_next/static/chunks/node_modules_next_dist_f3530cac._.js:2297
[  201875ms] [INFO] %cDownload the React DevTools for a better development experience: https://react.dev/link/react-devtools font-weight:bold @ http://localhost:3000/_next/static/chunks/node_modules_next_dist_f3530cac._.js:2297
[  201917ms] [LOG] [HMR] connected @ http://localhost:3000/_next/static/chunks/node_modules_next_dist_f3530cac._.js:2297
[  202259ms] [LOG] [Fast Refresh] rebuilding @ http://localhost:3000/_next/static/chunks/node_modules_next_dist_f3530cac._.js:2297
[  202562ms] [LOG] [Fast Refresh] done in 410ms @ http://localhost:3000/_next/static/chunks/node_modules_next_dist_f3530cac._.js:2297
[  203891ms] [LOG] [Fast Refresh] rebuilding @ http://localhost:3000/_next/static/chunks/node_modules_next_dist_f3530cac._.js:2297
[  204090ms] [LOG] [Fast Refresh] done in 306ms @ http://localhost:3000/_next/static/chunks/node_modules_next_dist_f3530cac._.js:2297
[  204305ms] [LOG] [Chat] Realtime conectado @ http://localhost:3000/_next/static/chunks/node_modules_next_dist_f3530cac._.js:2297
[  204305ms] [LOG] [Notificações] Realtime conectado @ http://localhost:3000/_next/static/chunks/node_modules_next_dist_f3530cac._.js:2297
[  206714ms] [LOG] [Fast Refresh] rebuilding @ http://localhost:3000/_next/static/chunks/node_modules_next_dist_f3530cac._.js:2297
[  207866ms] [LOG] [Fast Refresh] done in 1261ms @ http://localhost:3000/_next/static/chunks/node_modules_next_dist_f3530cac._.js:2297
[  208793ms] [ERROR] Failed to load resource: the server responded with a status of 500 (Internal Server Error) @ http://localhost:3000/api/financeiro/caixa-email?badge=1:0
[  209327ms] [ERROR] Failed to load resource: the server responded with a status of 500 (Internal Server Error) @ http://localhost:3000/api/financeiro/caixa-email:0
[  210597ms] [ERROR] Failed to load resource: the server responded with a status of 500 (Internal Server Error) @ http://localhost:3000/api/financeiro/caixa-email?badge=1:0
[  220382ms] [LOG] [Fast Refresh] rebuilding @ http://localhost:3000/_next/static/chunks/node_modules_next_dist_f3530cac._.js:2297
[  224646ms] [ERROR] WebSocket connection to 'ws://localhost:3000/_next/webpack-hmr?id=4n_WDRC7XDoIOEUKsBgT-' failed: Error in connection establishment: net::ERR_CONNECTION_REFUSED @ http://localhost:3000/_next/static/chunks/node_modules_next_dist_client_17643121._.js:10878
[  227989ms] [ERROR] WebSocket connection to 'ws://localhost:3000/_next/webpack-hmr?id=4n_WDRC7XDoIOEUKsBgT-' failed: Error in connection establishment: net::ERR_CONNECTION_REFUSED @ http://localhost:3000/_next/static/chunks/node_modules_next_dist_client_17643121._.js:10878
[  231329ms] [ERROR] WebSocket connection to 'ws://localhost:3000/_next/webpack-hmr?id=4n_WDRC7XDoIOEUKsBgT-' failed: Error in connection establishment: net::ERR_CONNECTION_REFUSED @ http://localhost:3000/_next/static/chunks/node_modules_next_dist_client_17643121._.js:10878
[  234679ms] [ERROR] WebSocket connection to 'ws://localhost:3000/_next/webpack-hmr?id=4n_WDRC7XDoIOEUKsBgT-' failed: Error in connection establishment: net::ERR_CONNECTION_REFUSED @ http://localhost:3000/_next/static/chunks/node_modules_next_dist_client_17643121._.js:10878
[  236102ms] [ERROR] Failed to load resource: net::ERR_CONNECTION_REFUSED @ http://localhost:3000/api/lembretes?userId=8d43db92-0943-4c88-9a0b-b7f52a11ff55&tipo=vencidos:0
[  238053ms] [ERROR] WebSocket connection to 'ws://localhost:3000/_next/webpack-hmr?id=4n_WDRC7XDoIOEUKsBgT-' failed: Error in connection establishment: net::ERR_CONNECTION_REFUSED @ http://localhost:3000/_next/static/chunks/node_modules_next_dist_client_17643121._.js:10878
[  245400ms] [ERROR] WebSocket connection to 'ws://localhost:3000/_next/webpack-hmr?id=4n_WDRC7XDoIOEUKsBgT-' failed: Error in connection establishment: net::ERR_CONNECTION_REFUSED @ http://localhost:3000/_next/static/chunks/node_modules_next_dist_client_17643121._.js:10878
[  252737ms] [ERROR] WebSocket connection to 'ws://localhost:3000/_next/webpack-hmr?id=4n_WDRC7XDoIOEUKsBgT-' failed: Error in connection establishment: net::ERR_CONNECTION_REFUSED @ http://localhost:3000/_next/static/chunks/node_modules_next_dist_client_17643121._.js:10878
[  260079ms] [ERROR] WebSocket connection to 'ws://localhost:3000/_next/webpack-hmr?id=4n_WDRC7XDoIOEUKsBgT-' failed: Error in connection establishment: net::ERR_CONNECTION_REFUSED @ http://localhost:3000/_next/static/chunks/node_modules_next_dist_client_17643121._.js:10878
[  266087ms] [ERROR] Failed to load resource: net::ERR_CONNECTION_REFUSED @ http://localhost:3000/api/lembretes?userId=8d43db92-0943-4c88-9a0b-b7f52a11ff55&tipo=vencidos:0
[  267427ms] [ERROR] WebSocket connection to 'ws://localhost:3000/_next/webpack-hmr?id=4n_WDRC7XDoIOEUKsBgT-' failed: Error in connection establishment: net::ERR_CONNECTION_REFUSED @ http://localhost:3000/_next/static/chunks/node_modules_next_dist_client_17643121._.js:10878
[  274775ms] [ERROR] WebSocket connection to 'ws://localhost:3000/_next/webpack-hmr?id=4n_WDRC7XDoIOEUKsBgT-' failed: Error in connection establishment: net::ERR_CONNECTION_REFUSED @ http://localhost:3000/_next/static/chunks/node_modules_next_dist_client_17643121._.js:10878
[  282113ms] [ERROR] WebSocket connection to 'ws://localhost:3000/_next/webpack-hmr?id=4n_WDRC7XDoIOEUKsBgT-' failed: Error in connection establishment: net::ERR_CONNECTION_REFUSED @ http://localhost:3000/_next/static/chunks/node_modules_next_dist_client_17643121._.js:10878
[  289455ms] [ERROR] WebSocket connection to 'ws://localhost:3000/_next/webpack-hmr?id=4n_WDRC7XDoIOEUKsBgT-' failed: Error in connection establishment: net::ERR_CONNECTION_REFUSED @ http://localhost:3000/_next/static/chunks/node_modules_next_dist_client_17643121._.js:10878
