[   38814ms] [INFO] %cDownload the React DevTools for a better development experience: https://react.dev/link/react-devtools font-weight:bold @ http://localhost:3000/_next/static/chunks/node_modules_next_dist_f3530cac._.js:2297
[   38937ms] [LOG] [HMR] connected @ http://localhost:3000/_next/static/chunks/node_modules_next_dist_f3530cac._.js:2297
[   39081ms] [LOG] [Fast Refresh] rebuilding @ http://localhost:3000/_next/static/chunks/node_modules_next_dist_f3530cac._.js:2297
[   39302ms] [ERROR] Failed to load resource: the server responded with a status of 400 () @ https://citrhumdkfivdzbmayde.supabase.co/auth/v1/token?grant_type=refresh_token:0
[   39309ms] [ERROR] AuthApiError: Invalid Refresh Token: Refresh Token Not Found
    at handleError (http://localhost:3000/_next/static/chunks/node_modules_f5b9375c._.js:11737:11)
    at async _handleRequest (http://localhost:3000/_next/static/chunks/node_modules_f5b9375c._.js:11787:9)
    at async _request (http://localhost:3000/_next/static/chunks/node_modules_f5b9375c._.js:11767:18)
    at async http://localhost:3000/_next/static/chunks/node_modules_f5b9375c._.js:16109:24
    at async http://localhost:3000/_next/static/chunks/node_modules_f5b9375c._.js:11496:36 @ http://localhost:3000/_next/static/chunks/node_modules_next_dist_f3530cac._.js:3127
[   40136ms] [LOG] [Fast Refresh] done in 1164ms @ http://localhost:3000/_next/static/chunks/node_modules_next_dist_f3530cac._.js:2297
[   40247ms] [VERBOSE] [DOM] Input elements should have autocomplete attributes (suggested: "current-password"): (More info: https://goo.gl/9p2vKq) %o @ http://localhost:3000/login?redirect_to=%2Fpropostas:0
[   40295ms] [INFO] %cDownload the React DevTools for a better development experience: https://react.dev/link/react-devtools font-weight:bold @ http://localhost:3000/_next/static/chunks/node_modules_next_dist_f3530cac._.js:2297
[   40320ms] [LOG] [HMR] connected @ http://localhost:3000/_next/static/chunks/node_modules_next_dist_f3530cac._.js:2297
[   82058ms] [LOG] [Fast Refresh] rebuilding @ http://localhost:3000/_next/static/chunks/node_modules_next_dist_f3530cac._.js:2297
[   82383ms] [LOG] [Fast Refresh] done in 428ms @ http://localhost:3000/_next/static/chunks/node_modules_next_dist_f3530cac._.js:2297
[  190614ms] [LOG] [Fast Refresh] rebuilding @ http://localhost:3000/_next/static/chunks/node_modules_next_dist_f3530cac._.js:2297
[  191092ms] [LOG] [Fast Refresh] done in 581ms @ http://localhost:3000/_next/static/chunks/node_modules_next_dist_f3530cac._.js:2297
[  191256ms] [LOG] [Chat] Realtime conectado @ http://localhost:3000/_next/static/chunks/node_modules_next_dist_f3530cac._.js:2297
[  191271ms] [LOG] [Notificações] Realtime conectado @ http://localhost:3000/_next/static/chunks/node_modules_next_dist_f3530cac._.js:2297
[  212662ms] [LOG] [Fast Refresh] rebuilding @ http://localhost:3000/_next/static/chunks/node_modules_next_dist_f3530cac._.js:2297
[  212663ms] [LOG] [Fast Refresh] done in 108ms @ http://localhost:3000/_next/static/chunks/node_modules_next_dist_f3530cac._.js:2297
[  213361ms] [LOG] [Fast Refresh] rebuilding @ http://localhost:3000/_next/static/chunks/node_modules_next_dist_f3530cac._.js:2297
[  213363ms] [LOG] [Fast Refresh] done in 108ms @ http://localhost:3000/_next/static/chunks/node_modules_next_dist_f3530cac._.js:2297
[  574341ms] [LOG] [Fast Refresh] rebuilding @ http://localhost:3000/_next/static/chunks/node_modules_next_dist_f3530cac._.js:2297
[  574451ms] [LOG] [Fast Refresh] done in 219ms @ http://localhost:3000/_next/static/chunks/node_modules_next_dist_f3530cac._.js:2297
