[    3356ms] [LOG] [Chat] Realtime conectado @ https://portal.novatratores.com/_next/static/chunks/40260734b7c49975.js:60
[    3362ms] [LOG] [Notificações] Realtime conectado @ https://portal.novatratores.com/_next/static/chunks/40260734b7c49975.js:60
[    4691ms] [ERROR] Failed to load resource: the server responded with a status of 502 () @ https://portal.novatratores.com/api/financeiro/caixa-email?badge=1:0
[    7234ms] [ERROR] Failed to load resource: the server responded with a status of 502 () @ https://portal.novatratores.com/api/financeiro/caixa-email:0
[    8227ms] [ERROR] Failed to load resource: the server responded with a status of 502 () @ https://portal.novatratores.com/api/financeiro/caixa-email?badge=1:0
[  185941ms] [ERROR] Failed to load resource: the server responded with a status of 502 () @ https://portal.novatratores.com/api/financeiro/caixa-email?badge=1:0
[  364815ms] [ERROR] Failed to load resource: the server responded with a status of 502 () @ https://portal.novatratores.com/api/financeiro/caixa-email?badge=1:0
[  544839ms] [ERROR] Failed to load resource: the server responded with a status of 502 () @ https://portal.novatratores.com/api/financeiro/caixa-email?badge=1:0
[  725055ms] [ERROR] Failed to load resource: the server responded with a status of 502 () @ https://portal.novatratores.com/api/financeiro/caixa-email?badge=1:0
[  905043ms] [ERROR] Failed to load resource: the server responded with a status of 502 () @ https://portal.novatratores.com/api/financeiro/caixa-email?badge=1:0
[ 1085937ms] [ERROR] Failed to load resource: the server responded with a status of 502 () @ https://portal.novatratores.com/api/financeiro/caixa-email?badge=1:0
[ 1264898ms] [ERROR] Failed to load resource: the server responded with a status of 502 () @ https://portal.novatratores.com/api/financeiro/caixa-email?badge=1:0
[ 1444956ms] [ERROR] Failed to load resource: the server responded with a status of 502 () @ https://portal.novatratores.com/api/financeiro/caixa-email?badge=1:0
[ 1624688ms] [ERROR] Failed to load resource: the server responded with a status of 502 () @ https://portal.novatratores.com/api/financeiro/caixa-email?badge=1:0
[ 1805038ms] [ERROR] Failed to load resource: the server responded with a status of 502 () @ https://portal.novatratores.com/api/financeiro/caixa-email?badge=1:0
[ 1984738ms] [ERROR] Failed to load resource: the server responded with a status of 502 () @ https://portal.novatratores.com/api/financeiro/caixa-email?badge=1:0
[ 2164644ms] [ERROR] Failed to load resource: the server responded with a status of 502 () @ https://portal.novatratores.com/api/financeiro/caixa-email?badge=1:0
[ 2347388ms] [ERROR] Failed to load resource: the server responded with a status of 502 () @ https://portal.novatratores.com/api/financeiro/caixa-email?badge=1:0
[ 2524668ms] [ERROR] Failed to load resource: the server responded with a status of 502 () @ https://portal.novatratores.com/api/financeiro/caixa-email?badge=1:0
[ 2704690ms] [ERROR] Failed to load resource: the server responded with a status of 502 () @ https://portal.novatratores.com/api/financeiro/caixa-email?badge=1:0
[ 2887563ms] [ERROR] Failed to load resource: the server responded with a status of 502 () @ https://portal.novatratores.com/api/financeiro/caixa-email?badge=1:0
[ 3067537ms] [ERROR] Failed to load resource: the server responded with a status of 502 () @ https://portal.novatratores.com/api/financeiro/caixa-email?badge=1:0
[ 3244747ms] [ERROR] Failed to load resource: the server responded with a status of 502 () @ https://portal.novatratores.com/api/financeiro/caixa-email?badge=1:0
[ 3425150ms] [ERROR] Failed to load resource: the server responded with a status of 502 () @ https://portal.novatratores.com/api/financeiro/caixa-email?badge=1:0
[ 3604728ms] [ERROR] Failed to load resource: the server responded with a status of 502 () @ https://portal.novatratores.com/api/financeiro/caixa-email?badge=1:0
[ 3784823ms] [ERROR] Failed to load resource: the server responded with a status of 502 () @ https://portal.novatratores.com/api/financeiro/caixa-email?badge=1:0
[ 3965361ms] [ERROR] Failed to load resource: the server responded with a status of 502 () @ https://portal.novatratores.com/api/financeiro/caixa-email?badge=1:0
[ 4144755ms] [ERROR] Failed to load resource: the server responded with a status of 502 () @ https://portal.novatratores.com/api/financeiro/caixa-email?badge=1:0
[ 4325519ms] [ERROR] Failed to load resource: the server responded with a status of 502 () @ https://portal.novatratores.com/api/financeiro/caixa-email?badge=1:0
