[    8096ms] [INFO] %cDownload the React DevTools for a better development experience: https://react.dev/link/react-devtools font-weight:bold @ http://localhost:3000/_next/static/chunks/node_modules_next_dist_f3530cac._.js:2297
[    8209ms] [LOG] [HMR] connected @ http://localhost:3000/_next/static/chunks/node_modules_next_dist_f3530cac._.js:2297
[    8389ms] [LOG] [Fast Refresh] rebuilding @ http://localhost:3000/_next/static/chunks/node_modules_next_dist_f3530cac._.js:2297
[    8905ms] [LOG] [Fast Refresh] done in 628ms @ http://localhost:3000/_next/static/chunks/node_modules_next_dist_f3530cac._.js:2297
[   10253ms] [LOG] [Fast Refresh] rebuilding @ http://localhost:3000/_next/static/chunks/node_modules_next_dist_f3530cac._.js:2297
[   10633ms] [LOG] [Chat] Realtime conectado @ http://localhost:3000/_next/static/chunks/node_modules_next_dist_f3530cac._.js:2297
[   10634ms] [LOG] [Notificações] Realtime conectado @ http://localhost:3000/_next/static/chunks/node_modules_next_dist_f3530cac._.js:2297
[   10832ms] [LOG] [Fast Refresh] done in 691ms @ http://localhost:3000/_next/static/chunks/node_modules_next_dist_f3530cac._.js:2297
[   12390ms] [LOG] [Fast Refresh] rebuilding @ http://localhost:3000/_next/static/chunks/node_modules_next_dist_f3530cac._.js:2297
[   12981ms] [LOG] [Fast Refresh] done in 698ms @ http://localhost:3000/_next/static/chunks/node_modules_next_dist_f3530cac._.js:2297
[   13825ms] [ERROR] Failed to load resource: the server responded with a status of 500 (Internal Server Error) @ http://localhost:3000/api/financeiro/caixa-email?badge=1:0
[   15833ms] [ERROR] Failed to load resource: the server responded with a status of 500 (Internal Server Error) @ http://localhost:3000/api/financeiro/caixa-email:0
[   16652ms] [ERROR] Failed to load resource: the server responded with a status of 500 (Internal Server Error) @ http://localhost:3000/api/financeiro/caixa-email?badge=1:0
[   70119ms] [ERROR] Failed to load resource: net::ERR_CONNECTION_RESET @ http://localhost:3000/api/lembretes?userId=8d43db92-0943-4c88-9a0b-b7f52a11ff55&tipo=vencidos:0
[   73420ms] [ERROR] WebSocket connection to 'ws://localhost:3000/_next/webpack-hmr?id=mI5cLagUbb6OjDt1tJZNR' failed: Error in connection establishment: net::ERR_CONNECTION_REFUSED @ http://localhost:3000/_next/static/chunks/node_modules_next_dist_client_17643121._.js:10878
[   76751ms] [ERROR] WebSocket connection to 'ws://localhost:3000/_next/webpack-hmr?id=mI5cLagUbb6OjDt1tJZNR' failed: Error in connection establishment: net::ERR_CONNECTION_REFUSED @ http://localhost:3000/_next/static/chunks/node_modules_next_dist_client_17643121._.js:10878
[   80087ms] [ERROR] WebSocket connection to 'ws://localhost:3000/_next/webpack-hmr?id=mI5cLagUbb6OjDt1tJZNR' failed: Error in connection establishment: net::ERR_CONNECTION_REFUSED @ http://localhost:3000/_next/static/chunks/node_modules_next_dist_client_17643121._.js:10878
[   83406ms] [ERROR] WebSocket connection to 'ws://localhost:3000/_next/webpack-hmr?id=mI5cLagUbb6OjDt1tJZNR' failed: Error in connection establishment: net::ERR_CONNECTION_REFUSED @ http://localhost:3000/_next/static/chunks/node_modules_next_dist_client_17643121._.js:10878
[   86748ms] [ERROR] WebSocket connection to 'ws://localhost:3000/_next/webpack-hmr?id=mI5cLagUbb6OjDt1tJZNR' failed: Error in connection establishment: net::ERR_CONNECTION_REFUSED @ http://localhost:3000/_next/static/chunks/node_modules_next_dist_client_17643121._.js:10878
[   94082ms] [ERROR] WebSocket connection to 'ws://localhost:3000/_next/webpack-hmr?id=mI5cLagUbb6OjDt1tJZNR' failed: Error in connection establishment: net::ERR_CONNECTION_REFUSED @ http://localhost:3000/_next/static/chunks/node_modules_next_dist_client_17643121._.js:10878
[  101419ms] [ERROR] WebSocket connection to 'ws://localhost:3000/_next/webpack-hmr?id=mI5cLagUbb6OjDt1tJZNR' failed: Error in connection establishment: net::ERR_CONNECTION_REFUSED @ http://localhost:3000/_next/static/chunks/node_modules_next_dist_client_17643121._.js:10878
[  102434ms] [ERROR] Failed to load resource: net::ERR_CONNECTION_REFUSED @ http://localhost:3000/api/lembretes?userId=8d43db92-0943-4c88-9a0b-b7f52a11ff55&tipo=vencidos:0
[  108745ms] [ERROR] WebSocket connection to 'ws://localhost:3000/_next/webpack-hmr?id=mI5cLagUbb6OjDt1tJZNR' failed: Error in connection establishment: net::ERR_CONNECTION_REFUSED @ http://localhost:3000/_next/static/chunks/node_modules_next_dist_client_17643121._.js:10878
[  116103ms] [ERROR] WebSocket connection to 'ws://localhost:3000/_next/webpack-hmr?id=mI5cLagUbb6OjDt1tJZNR' failed: Error in connection establishment: net::ERR_CONNECTION_REFUSED @ http://localhost:3000/_next/static/chunks/node_modules_next_dist_client_17643121._.js:10878
[  123429ms] [ERROR] WebSocket connection to 'ws://localhost:3000/_next/webpack-hmr?id=mI5cLagUbb6OjDt1tJZNR' failed: Error in connection establishment: net::ERR_CONNECTION_REFUSED @ http://localhost:3000/_next/static/chunks/node_modules_next_dist_client_17643121._.js:10878
[  130783ms] [ERROR] WebSocket connection to 'ws://localhost:3000/_next/webpack-hmr?id=mI5cLagUbb6OjDt1tJZNR' failed: Error in connection establishment: net::ERR_CONNECTION_REFUSED @ http://localhost:3000/_next/static/chunks/node_modules_next_dist_client_17643121._.js:10878
[  132440ms] [ERROR] Failed to load resource: net::ERR_CONNECTION_REFUSED @ http://localhost:3000/api/lembretes?userId=8d43db92-0943-4c88-9a0b-b7f52a11ff55&tipo=vencidos:0
[  138120ms] [ERROR] WebSocket connection to 'ws://localhost:3000/_next/webpack-hmr?id=mI5cLagUbb6OjDt1tJZNR' failed: Error in connection establishment: net::ERR_CONNECTION_REFUSED @ http://localhost:3000/_next/static/chunks/node_modules_next_dist_client_17643121._.js:10878
