[     268ms] [INFO] %cDownload the React DevTools for a better development experience: https://react.dev/link/react-devtools font-weight:bold @ http://localhost:3000/_next/static/chunks/node_modules_next_dist_f3530cac._.js:2297
[     307ms] [LOG] [HMR] connected @ http://localhost:3000/_next/static/chunks/node_modules_next_dist_f3530cac._.js:2297
[    2224ms] [LOG] [Chat] Realtime conectado @ http://localhost:3000/_next/static/chunks/node_modules_next_dist_f3530cac._.js:2297
[    2229ms] [LOG] [Notificações] Realtime conectado @ http://localhost:3000/_next/static/chunks/node_modules_next_dist_f3530cac._.js:2297
[    4021ms] [ERROR] Failed to load resource: the server responded with a status of 500 (Internal Server Error) @ http://localhost:3000/api/financeiro/caixa-email?badge=1:0
[    6839ms] [ERROR] Failed to load resource: the server responded with a status of 500 (Internal Server Error) @ http://localhost:3000/api/financeiro/caixa-email:0
[    7622ms] [ERROR] Failed to load resource: the server responded with a status of 500 (Internal Server Error) @ http://localhost:3000/api/financeiro/caixa-email?badge=1:0
[   43269ms] [INFO] %cDownload the React DevTools for a better development experience: https://react.dev/link/react-devtools font-weight:bold @ http://localhost:3000/_next/static/chunks/node_modules_next_dist_f3530cac._.js:2297
[   43320ms] [LOG] [HMR] connected @ http://localhost:3000/_next/static/chunks/node_modules_next_dist_f3530cac._.js:2297
[   45541ms] [LOG] [Chat] Realtime conectado @ http://localhost:3000/_next/static/chunks/node_modules_next_dist_f3530cac._.js:2297
[   45545ms] [LOG] [Notificações] Realtime conectado @ http://localhost:3000/_next/static/chunks/node_modules_next_dist_f3530cac._.js:2297
[   47602ms] [ERROR] Failed to load resource: the server responded with a status of 500 (Internal Server Error) @ http://localhost:3000/api/financeiro/caixa-email?badge=1:0
[   50106ms] [ERROR] Failed to load resource: the server responded with a status of 500 (Internal Server Error) @ http://localhost:3000/api/financeiro/caixa-email:0
[   50920ms] [ERROR] Failed to load resource: the server responded with a status of 500 (Internal Server Error) @ http://localhost:3000/api/financeiro/caixa-email?badge=1:0
[   83269ms] [ERROR] WebSocket connection to 'ws://localhost:3000/_next/webpack-hmr?id=t-vc_qJEJSG_e7rF6RU_z' failed: Error in connection establishment: net::ERR_CONNECTION_REFUSED @ http://localhost:3000/_next/static/chunks/node_modules_next_dist_client_17643121._.js:10878
[   86609ms] [ERROR] WebSocket connection to 'ws://localhost:3000/_next/webpack-hmr?id=t-vc_qJEJSG_e7rF6RU_z' failed: Error in connection establishment: net::ERR_CONNECTION_REFUSED @ http://localhost:3000/_next/static/chunks/node_modules_next_dist_client_17643121._.js:10878
[   89961ms] [ERROR] WebSocket connection to 'ws://localhost:3000/_next/webpack-hmr?id=t-vc_qJEJSG_e7rF6RU_z' failed: Error in connection establishment: net::ERR_CONNECTION_REFUSED @ http://localhost:3000/_next/static/chunks/node_modules_next_dist_client_17643121._.js:10878
[   93706ms] [ERROR] WebSocket connection to 'ws://localhost:3000/_next/webpack-hmr?id=t-vc_qJEJSG_e7rF6RU_z' failed: Error in connection establishment: net::ERR_CONNECTION_REFUSED @ http://localhost:3000/_next/static/chunks/node_modules_next_dist_client_17643121._.js:10878
[  100203ms] [ERROR] WebSocket connection to 'ws://localhost:3000/_next/webpack-hmr?id=t-vc_qJEJSG_e7rF6RU_z' failed: Error in connection establishment: net::ERR_CONNECTION_REFUSED @ http://localhost:3000/_next/static/chunks/node_modules_next_dist_client_17643121._.js:10878
[  107341ms] [ERROR] Failed to load resource: net::ERR_CONNECTION_REFUSED @ http://localhost:3000/api/lembretes?userId=8d43db92-0943-4c88-9a0b-b7f52a11ff55&tipo=vencidos:0
[  107678ms] [ERROR] WebSocket connection to 'ws://localhost:3000/_next/webpack-hmr?id=t-vc_qJEJSG_e7rF6RU_z' failed: Error in connection establishment: net::ERR_CONNECTION_REFUSED @ http://localhost:3000/_next/static/chunks/node_modules_next_dist_client_17643121._.js:10878
[  116407ms] [ERROR] WebSocket connection to 'ws://localhost:3000/_next/webpack-hmr?id=t-vc_qJEJSG_e7rF6RU_z' failed: Error in connection establishment: net::ERR_CONNECTION_REFUSED @ http://localhost:3000/_next/static/chunks/node_modules_next_dist_client_17643121._.js:10878
[  124182ms] [ERROR] WebSocket connection to 'ws://localhost:3000/_next/webpack-hmr?id=t-vc_qJEJSG_e7rF6RU_z' failed: Error in connection establishment: net::ERR_CONNECTION_REFUSED @ http://localhost:3000/_next/static/chunks/node_modules_next_dist_client_17643121._.js:10878
[  137510ms] [ERROR] WebSocket connection to 'ws://localhost:3000/_next/webpack-hmr?id=t-vc_qJEJSG_e7rF6RU_z' failed: Error in connection establishment: net::ERR_CONNECTION_REFUSED @ http://localhost:3000/_next/static/chunks/node_modules_next_dist_client_17643121._.js:10878
[  137524ms] [ERROR] Failed to load resource: net::ERR_CONNECTION_REFUSED @ http://localhost:3000/api/lembretes?userId=8d43db92-0943-4c88-9a0b-b7f52a11ff55&tipo=vencidos:0
[  145570ms] [ERROR] WebSocket connection to 'ws://localhost:3000/_next/webpack-hmr?id=t-vc_qJEJSG_e7rF6RU_z' failed: Error in connection establishment: net::ERR_CONNECTION_REFUSED @ http://localhost:3000/_next/static/chunks/node_modules_next_dist_client_17643121._.js:10878
[  152914ms] [ERROR] WebSocket connection to 'ws://localhost:3000/_next/webpack-hmr?id=t-vc_qJEJSG_e7rF6RU_z' failed: Error in connection establishment: net::ERR_CONNECTION_REFUSED @ http://localhost:3000/_next/static/chunks/node_modules_next_dist_client_17643121._.js:10878
[  160567ms] [ERROR] WebSocket connection to 'ws://localhost:3000/_next/webpack-hmr?id=t-vc_qJEJSG_e7rF6RU_z' failed: Error in connection establishment: net::ERR_CONNECTION_REFUSED @ http://localhost:3000/_next/static/chunks/node_modules_next_dist_client_17643121._.js:10878
